[     222ms] [ERROR] WebSocket connection to 'ws://localhost:9877/ws' failed: HTTP Authentication failed; no valid credentials available @ http://localhost:9877/_app/immutable/nodes/2.odBiVHGJ.js:0
[     222ms] [ERROR] ws error Event @ http://localhost:9877/_app/immutable/nodes/2.odBiVHGJ.js:0
[    1230ms] [ERROR] WebSocket connection to 'ws://localhost:9877/ws' failed: HTTP Authentication failed; no valid credentials available @ http://localhost:9877/_app/immutable/nodes/2.odBiVHGJ.js:0
[    1230ms] [ERROR] ws error Event @ http://localhost:9877/_app/immutable/nodes/2.odBiVHGJ.js:0
[    3235ms] [ERROR] WebSocket connection to 'ws://localhost:9877/ws' failed: HTTP Authentication failed; no valid credentials available @ http://localhost:9877/_app/immutable/nodes/2.odBiVHGJ.js:0
[    3235ms] [ERROR] ws error Event @ http://localhost:9877/_app/immutable/nodes/2.odBiVHGJ.js:0
[    7242ms] [ERROR] WebSocket connection to 'ws://localhost:9877/ws' failed: HTTP Authentication failed; no valid credentials available @ http://localhost:9877/_app/immutable/nodes/2.odBiVHGJ.js:0
[    7243ms] [ERROR] ws error Event @ http://localhost:9877/_app/immutable/nodes/2.odBiVHGJ.js:0
[   15260ms] [ERROR] WebSocket connection to 'ws://localhost:9877/ws' failed: HTTP Authentication failed; no valid credentials available @ http://localhost:9877/_app/immutable/nodes/2.odBiVHGJ.js:0
[   15260ms] [ERROR] ws error Event @ http://localhost:9877/_app/immutable/nodes/2.odBiVHGJ.js:0
[   25267ms] [ERROR] WebSocket connection to 'ws://localhost:9877/ws' failed: HTTP Authentication failed; no valid credentials available @ http://localhost:9877/_app/immutable/nodes/2.odBiVHGJ.js:0
[   25267ms] [ERROR] ws error Event @ http://localhost:9877/_app/immutable/nodes/2.odBiVHGJ.js:0
[   35289ms] [ERROR] WebSocket connection to 'ws://localhost:9877/ws' failed: HTTP Authentication failed; no valid credentials available @ http://localhost:9877/_app/immutable/nodes/2.odBiVHGJ.js:0
[   35289ms] [ERROR] ws error Event @ http://localhost:9877/_app/immutable/nodes/2.odBiVHGJ.js:0
[   45304ms] [ERROR] WebSocket connection to 'ws://localhost:9877/ws' failed: HTTP Authentication failed; no valid credentials available @ http://localhost:9877/_app/immutable/nodes/2.odBiVHGJ.js:0
[   45304ms] [ERROR] ws error Event @ http://localhost:9877/_app/immutable/nodes/2.odBiVHGJ.js:0
[   55344ms] [ERROR] WebSocket connection to 'ws://localhost:9877/ws' failed: HTTP Authentication failed; no valid credentials available @ http://localhost:9877/_app/immutable/nodes/2.odBiVHGJ.js:0
[   55344ms] [ERROR] ws error Event @ http://localhost:9877/_app/immutable/nodes/2.odBiVHGJ.js:0
[   65398ms] [ERROR] WebSocket connection to 'ws://localhost:9877/ws' failed: HTTP Authentication failed; no valid credentials available @ http://localhost:9877/_app/immutable/nodes/2.odBiVHGJ.js:0
[   65399ms] [ERROR] ws error Event @ http://localhost:9877/_app/immutable/nodes/2.odBiVHGJ.js:0
